// Jest Snapshot v1, https://goo.gl/fbAQLP

exports[`transforms deep nested obejct 1`] = `
{
  "prop1": "/bar/1",
  "prop2": true,
  "prop3": 20,
  "prop4": {
    "nestedProp1": "/bar/2",
    "nestedProp2": false,
    "nestedProp3": 20,
    "nestedProp4": [
      "/bar/3",
      true,
      20,
      {},
      [
        40,
      ],
    ],
    "nestedProp5": null,
    "nestedProp6": undefined,
  },
  "prop5": [
    "/bar/4",
    false,
    10,
    {
      "arrayProp1": "/bar/5",
      "arrayProp2": false,
    },
    [
      "/bar/6",
    ],
    null,
  ],
  "prop6": null,
  "prop7": undefined,
}
`;
